Parse: A PHP Security Scanner

..E................E.................E.I......

There were 3 errors

1) /var/www/html/intersession-2020-1-flanders/storage/app/public/files/Article.php
Syntax error, unexpected '?' on line 46

2) /var/www/html/intersession-2020-1-flanders/storage/app/public/files/Category.php
Syntax error, unexpected '?' on line 36

3) /var/www/html/intersession-2020-1-flanders/storage/app/public/files/LoginFormAuthenticator.php
Syntax error, unexpected '?' on line 86

There were 77 issues

1) /var/www/html/intersession-2020-1-flanders/storage/app/public/files/adminer.php on line 68
The third parameter should be set (and be true) on in_array to avoid type switching issues
> as$y=>$X){if($K&&!in_array(idf_escape($y),$K))continue;$Ga=convert_field($p[$y]);if($Ga)$H.=", $Ga AS ".idf_escape($y);}return$H;}function
For more information execute 'psecio-parse rules TypeSafeInArray'

2) /var/www/html/intersession-2020-1-flanders/storage/app/public/files/adminer.php on line 68
Evaluation using in_array should enforce type checking (third parameter should be true)
> as$y=>$X){if($K&&!in_array(idf_escape($y),$K))continue;$Ga=convert_field($p[$y]);if($Ga)$H.=", $Ga AS ".idf_escape($y);}return$H;}function
For more information execute 'psecio-parse rules InArrayStrict'

3) /var/www/html/intersession-2020-1-flanders/storage/app/public/files/adminer.php on line 70
'header()' calls should not use concatenation directly
> header("Set-Cookie: $B=".urlencode($Y).($xe?"; expires=".gmdate("D, d M Y H:i:s",time()+$xe)." GMT":"")."; path=".preg_replace('~\?.*~','',$_SERVER["REQUEST_URI"]).($ba?"; secure":"")."; HttpOnly; SameSite=lax",false);}function
For more information execute 'psecio-parse rules SetHeaderWithInput'

4) /var/www/html/intersession-2020-1-flanders/storage/app/public/files/adminer.php on line 108
The third parameter should be set (and be true) on in_array to avoid type switching issues
> hidden_fields($sg,$Hd=array()){$H=false;while(list($y,$X)=each($sg)){if(!in_array($y,$Hd)){if(is_array($X)){foreach($X
For more information execute 'psecio-parse rules TypeSafeInArray'

5) /var/www/html/intersession-2020-1-flanders/storage/app/public/files/adminer.php on line 108
Evaluation using in_array should enforce type checking (third parameter should be true)
> hidden_fields($sg,$Hd=array()){$H=false;while(list($y,$X)=each($sg)){if(!in_array($y,$Hd)){if(is_array($X)){foreach($X
For more information execute 'psecio-parse rules InArrayStrict'

6) /var/www/html/intersession-2020-1-flanders/storage/app/public/files/adminer.php on line 113
The third parameter should be set (and be true) on in_array to avoid type switching issues
> enum_input($T,$Ja,$o,$Y,$vc=null){global$b;preg_match_all("~'((?:[^']|'')*)'~",$o["length"],$Fe);$H=($vc!==null?"<label><input type='$T'$Ja value='$vc'".((is_array($Y)?in_array($vc,$Y):$Y===0)?" checked":"")."><i>".'empty'."</i></label>":"");foreach($Fe[1]as$s=>$X){$X=stripcslashes(str_replace("''","'",$X));$fb=(is_int($Y)?$Y==$s+1:(is_array($Y)?in_array($s+1,$Y):$Y===$X));$H.=" <label><input type='$T'$Ja value='".($s+1)."'".($fb?' checked':'').'>'.h($b->editVal($X,$o)).'</label>';}return$H;}function
For more information execute 'psecio-parse rules TypeSafeInArray'

7) /var/www/html/intersession-2020-1-flanders/storage/app/public/files/adminer.php on line 113
Evaluation using in_array should enforce type checking (third parameter should be true)
> enum_input($T,$Ja,$o,$Y,$vc=null){global$b;preg_match_all("~'((?:[^']|'')*)'~",$o["length"],$Fe);$H=($vc!==null?"<label><input type='$T'$Ja value='$vc'".((is_array($Y)?in_array($vc,$Y):$Y===0)?" checked":"")."><i>".'empty'."</i></label>":"");foreach($Fe[1]as$s=>$X){$X=stripcslashes(str_replace("''","'",$X));$fb=(is_int($Y)?$Y==$s+1:(is_array($Y)?in_array($s+1,$Y):$Y===$X));$H.=" <label><input type='$T'$Ja value='".($s+1)."'".($fb?' checked':'').'>'.h($b->editVal($X,$o)).'</label>';}return$H;}function
For more information execute 'psecio-parse rules InArrayStrict'

8) /var/www/html/intersession-2020-1-flanders/storage/app/public/files/adminer.php on line 113
The third parameter should be set (and be true) on in_array to avoid type switching issues
> enum_input($T,$Ja,$o,$Y,$vc=null){global$b;preg_match_all("~'((?:[^']|'')*)'~",$o["length"],$Fe);$H=($vc!==null?"<label><input type='$T'$Ja value='$vc'".((is_array($Y)?in_array($vc,$Y):$Y===0)?" checked":"")."><i>".'empty'."</i></label>":"");foreach($Fe[1]as$s=>$X){$X=stripcslashes(str_replace("''","'",$X));$fb=(is_int($Y)?$Y==$s+1:(is_array($Y)?in_array($s+1,$Y):$Y===$X));$H.=" <label><input type='$T'$Ja value='".($s+1)."'".($fb?' checked':'').'>'.h($b->editVal($X,$o)).'</label>';}return$H;}function
For more information execute 'psecio-parse rules TypeSafeInArray'

9) /var/www/html/intersession-2020-1-flanders/storage/app/public/files/adminer.php on line 113
Evaluation using in_array should enforce type checking (third parameter should be true)
> enum_input($T,$Ja,$o,$Y,$vc=null){global$b;preg_match_all("~'((?:[^']|'')*)'~",$o["length"],$Fe);$H=($vc!==null?"<label><input type='$T'$Ja value='$vc'".((is_array($Y)?in_array($vc,$Y):$Y===0)?" checked":"")."><i>".'empty'."</i></label>":"");foreach($Fe[1]as$s=>$X){$X=stripcslashes(str_replace("''","'",$X));$fb=(is_int($Y)?$Y==$s+1:(is_array($Y)?in_array($s+1,$Y):$Y===$X));$H.=" <label><input type='$T'$Ja value='".($s+1)."'".($fb?' checked':'').'>'.h($b->editVal($X,$o)).'</label>';}return$H;}function
For more information execute 'psecio-parse rules InArrayStrict'

10) /var/www/html/intersession-2020-1-flanders/storage/app/public/files/adminer.php on line 115
The third parameter should be set (and be true) on in_array to avoid type switching issues
> h($md[""])."<td>".$b->editInput($_GET["edit"],$o,$Ja,$Y);else{$wd=(in_array($r,$md)||isset($md[$r]));echo(count($md)>1?"<select name='function[$B]'>".optionlist($md,$r===null||$wd?$r:"")."</select>".on_help("getTarget(event).value.replace(/^SQL\$/, '')",1).script("qsl('select').onchange = functionChange;",""):h(reset($md))).'<td>';$Ud=$b->editInput($_GET["edit"],$o,$Ja,$Y);if($Ud!="")echo$Ud;elseif(preg_match('~bool~',$o["type"]))echo"<input type='hidden'$Ja value='0'>"."<input type='checkbox'".(preg_match('~^(1|t|true|y|yes|on)$~i',$Y)?" checked='checked'":"")."$Ja value='1'>";elseif($o["type"]=="set"){preg_match_all("~'((?:[^']|'')*)'~",$o["length"],$Fe);foreach($Fe[1]as$s=>$X){$X=stripcslashes(str_replace("''","'",$X));$fb=(is_int($Y)?($Y>>$s)&1:in_array($X,explode(",",$Y),true));echo" <label><input type='checkbox' name='fields[$B][$s]' value='".(1\$s)."'".($fb?' checked':'').">".h($b->editVal($X,$o)).'</label>';}}elseif(preg_match('~blob|bytea|raw|file~',$o["type"])&&ini_bool("file_uploads"))echo"<input type='file' name='fields-$B'>";elseif(($ei=preg_match('~text|lob|memo~i',$o["type"]))||preg_match("~\n~",$Y)){if($ei&&$x!="sqlite")$Ja.=" cols='50' rows='12'";else{$J=min(12,substr_count($Y,"\n")+1);$Ja.=" cols='30' rows='$J'".($J==1?" style='height: 1.2em;'":"");}echo"<textarea$Ja>".h($Y).'</textarea>';}elseif($r=="json"||preg_match('~^jsonb?$~',$o["type"]))echo"<textarea$Ja cols='50' rows='12' class='jush-js'>".h($Y).'</textarea>';else{$Me=(!preg_match('~int~',$o["type"])&&preg_match('~^(\d+)(,(\d+))?$~',$o["length"],$A)?((preg_match("~binary~",$o["type"])?2:1)*$A[1]+($A[3]?1:0)+($A[2]&&!$o["unsigned"]?1:0)):($U[$o["type"]]?$U[$o["type"]]+($o["unsigned"]?0:1):0));if($x=='sql'&&min_version(5.6)&&preg_match('~time~',$o["type"]))$Me+=7;echo"<input".((!$wd||$r==="")&&preg_match('~(?<!o)int(?!er)~',$o["type"])&&!preg_match('~\[\]~',$o["full_type"])?" type='number'":"")." value='".h($Y)."'".($Me?" data-maxlength='$Me'":"").(preg_match('~char|binary~',$o["type"])&&$Me>20?" size='40'":"")."$Ja>";}echo$b->editHint($_GET["edit"],$o,$Y);$Yc=0;foreach($md
For more information execute 'psecio-parse rules TypeSafeInArray'

11) /var/www/html/intersession-2020-1-flanders/storage/app/public/files/adminer.php on line 115
Evaluation using in_array should enforce type checking (third parameter should be true)
> h($md[""])."<td>".$b->editInput($_GET["edit"],$o,$Ja,$Y);else{$wd=(in_array($r,$md)||isset($md[$r]));echo(count($md)>1?"<select name='function[$B]'>".optionlist($md,$r===null||$wd?$r:"")."</select>".on_help("getTarget(event).value.replace(/^SQL\$/, '')",1).script("qsl('select').onchange = functionChange;",""):h(reset($md))).'<td>';$Ud=$b->editInput($_GET["edit"],$o,$Ja,$Y);if($Ud!="")echo$Ud;elseif(preg_match('~bool~',$o["type"]))echo"<input type='hidden'$Ja value='0'>"."<input type='checkbox'".(preg_match('~^(1|t|true|y|yes|on)$~i',$Y)?" checked='checked'":"")."$Ja value='1'>";elseif($o["type"]=="set"){preg_match_all("~'((?:[^']|'')*)'~",$o["length"],$Fe);foreach($Fe[1]as$s=>$X){$X=stripcslashes(str_replace("''","'",$X));$fb=(is_int($Y)?($Y>>$s)&1:in_array($X,explode(",",$Y),true));echo" <label><input type='checkbox' name='fields[$B][$s]' value='".(1\$s)."'".($fb?' checked':'').">".h($b->editVal($X,$o)).'</label>';}}elseif(preg_match('~blob|bytea|raw|file~',$o["type"])&&ini_bool("file_uploads"))echo"<input type='file' name='fields-$B'>";elseif(($ei=preg_match('~text|lob|memo~i',$o["type"]))||preg_match("~\n~",$Y)){if($ei&&$x!="sqlite")$Ja.=" cols='50' rows='12'";else{$J=min(12,substr_count($Y,"\n")+1);$Ja.=" cols='30' rows='$J'".($J==1?" style='height: 1.2em;'":"");}echo"<textarea$Ja>".h($Y).'</textarea>';}elseif($r=="json"||preg_match('~^jsonb?$~',$o["type"]))echo"<textarea$Ja cols='50' rows='12' class='jush-js'>".h($Y).'</textarea>';else{$Me=(!preg_match('~int~',$o["type"])&&preg_match('~^(\d+)(,(\d+))?$~',$o["length"],$A)?((preg_match("~binary~",$o["type"])?2:1)*$A[1]+($A[3]?1:0)+($A[2]&&!$o["unsigned"]?1:0)):($U[$o["type"]]?$U[$o["type"]]+($o["unsigned"]?0:1):0));if($x=='sql'&&min_version(5.6)&&preg_match('~time~',$o["type"]))$Me+=7;echo"<input".((!$wd||$r==="")&&preg_match('~(?<!o)int(?!er)~',$o["type"])&&!preg_match('~\[\]~',$o["full_type"])?" type='number'":"")." value='".h($Y)."'".($Me?" data-maxlength='$Me'":"").(preg_match('~char|binary~',$o["type"])&&$Me>20?" size='40'":"")."$Ja>";}echo$b->editHint($_GET["edit"],$o,$Y);$Yc=0;foreach($md
For more information execute 'psecio-parse rules InArrayStrict'

12) /var/www/html/intersession-2020-1-flanders/storage/app/public/files/adminer.php on line 125
The third parameter should be set (and be true) on in_array to avoid type switching issues
> search_tables(){global$b,$g;$_GET["where"][0]["val"]=$_POST["query"];$kh="<ul>\n";foreach(table_status('',true)as$Q=>$R){$B=$b->tableName($R);if(isset($R["Engine"])&&$B!=""&&(!$_POST["tables"]||in_array($Q,$_POST["tables"]))){$G=$g->query("SELECT".limit("1 FROM ".table($Q)," WHERE ".implode(" AND ",$b->selectSearchProcess(fields($Q),array())),1));if(!$G||$G->fetch_row()){$og="<a href='".h(ME."select=".urlencode($Q)."&where[0][op]=".urlencode($_GET["where"][0]["op"])."&where[0][val]=".urlencode($_GET["where"][0]["val"]))."'>$B</a>";echo"$kh<li>".($G?$og:"<p class='error'>$og: ".error())."\n";$kh="";}}}echo($kh?"<p class='message'>".'No tables.':"</ul>")."\n";}function
For more information execute 'psecio-parse rules TypeSafeInArray'

13) /var/www/html/intersession-2020-1-flanders/storage/app/public/files/adminer.php on line 125
Evaluation using in_array should enforce type checking (third parameter should be true)
> search_tables(){global$b,$g;$_GET["where"][0]["val"]=$_POST["query"];$kh="<ul>\n";foreach(table_status('',true)as$Q=>$R){$B=$b->tableName($R);if(isset($R["Engine"])&&$B!=""&&(!$_POST["tables"]||in_array($Q,$_POST["tables"]))){$G=$g->query("SELECT".limit("1 FROM ".table($Q)," WHERE ".implode(" AND ",$b->selectSearchProcess(fields($Q),array())),1));if(!$G||$G->fetch_row()){$og="<a href='".h(ME."select=".urlencode($Q)."&where[0][op]=".urlencode($_GET["where"][0]["op"])."&where[0][val]=".urlencode($_GET["where"][0]["val"]))."'>$B</a>";echo"$kh<li>".($G?$og:"<p class='error'>$og: ".error())."\n";$kh="";}}}echo($kh?"<p class='message'>".'No tables.':"</ul>")."\n";}function
For more information execute 'psecio-parse rules InArrayStrict'

14) /var/www/html/intersession-2020-1-flanders/storage/app/public/files/adminer.php on line 126
'header()' calls should not use concatenation directly
> dump_headers($Ed,$We=false){global$b;$H=$b->dumpHeaders($Ed,$We);$Mf=$_POST["output"];if($Mf!="text")header("Content-Disposition: attachment; filename=".$b->dumpFilename($Ed).".$H".($Mf!="file"&&!preg_match('~[^0-9a-z]~',$Mf)?".$Mf":""));session_write_close();ob_flush();flush();return$H;}function
For more information execute 'psecio-parse rules SetHeaderWithInput'

15) /var/www/html/intersession-2020-1-flanders/storage/app/public/files/adminer.php on line 167
'header()' calls should not use concatenation directly
> ';}if(isset($_GET["file"])){if($_SERVER["HTTP_IF_MODIFIED_SINCE"]){header("HTTP/1.1 304 Not Modified");exit;}header("Expires: ".gmdate("D, d M Y H:i:s",time()+365*24*60*60)." GMT");header("Last-Modified: ".gmdate("D, d M Y H:i:s")." GMT");header("Cache-Control: immutable");if($_GET["file"]=="favicon.ico"){header("Content-Type: image/x-icon");echo
For more information execute 'psecio-parse rules SetHeaderWithInput'

16) /var/www/html/intersession-2020-1-flanders/storage/app/public/files/adminer.php on line 167
'header()' calls should not use concatenation directly
> ';}if(isset($_GET["file"])){if($_SERVER["HTTP_IF_MODIFIED_SINCE"]){header("HTTP/1.1 304 Not Modified");exit;}header("Expires: ".gmdate("D, d M Y H:i:s",time()+365*24*60*60)." GMT");header("Last-Modified: ".gmdate("D, d M Y H:i:s")." GMT");header("Cache-Control: immutable");if($_GET["file"]=="favicon.ico"){header("Content-Type: image/x-icon");echo
For more information execute 'psecio-parse rules SetHeaderWithInput'

17) /var/www/html/intersession-2020-1-flanders/storage/app/public/files/adminer.php on line 195
The third parameter should be set (and be true) on in_array to avoid type switching issues
> fetch_field(){$I=(object)$this->getColumnMeta($this->_offset++);$I->orgtable=$I->table;$I->orgname=$I->name;$I->charsetnr=(in_array("blob",(array)$I->flags)?63:0);return$I;}}}$gc=array();class
For more information execute 'psecio-parse rules TypeSafeInArray'

18) /var/www/html/intersession-2020-1-flanders/storage/app/public/files/adminer.php on line 195
Evaluation using in_array should enforce type checking (third parameter should be true)
> fetch_field(){$I=(object)$this->getColumnMeta($this->_offset++);$I->orgtable=$I->table;$I->orgname=$I->name;$I->charsetnr=(in_array("blob",(array)$I->flags)?63:0);return$I;}}}$gc=array();class
For more information execute 'psecio-parse rules InArrayStrict'

19) /var/www/html/intersession-2020-1-flanders/storage/app/public/files/adminer.php on line 473
The third parameter should be set (and be true) on in_array to avoid type switching issues
> in_array($R["Engine"],array("view","materialized view"));}function
For more information execute 'psecio-parse rules TypeSafeInArray'

20) /var/www/html/intersession-2020-1-flanders/storage/app/public/files/adminer.php on line 473
Evaluation using in_array should enforce type checking (third parameter should be true)
> in_array($R["Engine"],array("view","materialized view"));}function
For more information execute 'psecio-parse rules InArrayStrict'

21) /var/www/html/intersession-2020-1-flanders/storage/app/public/files/adminer.php on line 1170
The third parameter should be set (and be true) on in_array to avoid type switching issues
> as$Jc){list($nb,$vf,$X)=explode(" ",$Jc,3);if($nb=="_id"){$X=str_replace('MongoDB\BSON\ObjectID("',"",$X);$X=str_replace('")',"",$X);$kb='MongoDB\BSON\ObjectID';$X=new$kb($X);}if(!in_array($vf,$b->operators))continue;if(preg_match('~^\(f\)(.+)~',$vf,$A)){$X=(float)$X;$vf=$A[1];}elseif(preg_match('~^\(date\)(.+)~',$vf,$A)){$Pb=new
For more information execute 'psecio-parse rules TypeSafeInArray'

22) /var/www/html/intersession-2020-1-flanders/storage/app/public/files/adminer.php on line 1170
Evaluation using in_array should enforce type checking (third parameter should be true)
> as$Jc){list($nb,$vf,$X)=explode(" ",$Jc,3);if($nb=="_id"){$X=str_replace('MongoDB\BSON\ObjectID("',"",$X);$X=str_replace('")',"",$X);$kb='MongoDB\BSON\ObjectID';$X=new$kb($X);}if(!in_array($vf,$b->operators))continue;if(preg_match('~^\(f\)(.+)~',$vf,$A)){$X=(float)$X;$vf=$A[1];}elseif(preg_match('~^\(date\)(.+)~',$vf,$A)){$Pb=new
For more information execute 'psecio-parse rules InArrayStrict'

23) /var/www/html/intersession-2020-1-flanders/storage/app/public/files/adminer.php on line 1241
Evaluation with booleans should use strict type checking (ex: if $foo === false)
> as$t){$F="{$T}/{$t}";$Og=$this->_conn->query($F,'{}','DELETE');if(is_array($Og)&&$Og['found']==true)$this->_conn->affected_rows++;}return$this->_conn->affected_rows;}}function
For more information execute 'psecio-parse rules BooleanIdentity'

24) /var/www/html/intersession-2020-1-flanders/storage/app/public/files/adminer.php on line 1351
The third parameter should be set (and be true) on in_array to avoid type switching issues
> unconvert_field($o,$H){if(in_array($o['type'],array("Int8","Int16","Int32","Int64","UInt8","UInt16","UInt32","UInt64","Float32","Float64")))return"to$o[type]($H)";return$H;}function
For more information execute 'psecio-parse rules TypeSafeInArray'

25) /var/www/html/intersession-2020-1-flanders/storage/app/public/files/adminer.php on line 1351
Evaluation using in_array should enforce type checking (third parameter should be true)
> unconvert_field($o,$H){if(in_array($o['type'],array("Int8","Int16","Int32","Int64","UInt8","UInt16","UInt32","UInt64","Float32","Float64")))return"to$o[type]($H)";return$H;}function
For more information execute 'psecio-parse rules InArrayStrict'

26) /var/www/html/intersession-2020-1-flanders/storage/app/public/files/adminer.php on line 1391
Use of 'mysql_real_escape_string' is not recommended, use prepared statements instead
> quote($P){return"'".mysql_real_escape_string($P,$this->_link)."'";}function
For more information execute 'psecio-parse rules MysqlRealEscapeString'

27) /var/www/html/intersession-2020-1-flanders/storage/app/public/files/adminer.php on line 1593
The third parameter should be set (and be true) on in_array to avoid type switching issues
> as$s=>$v){if($v["type"]=="FULLTEXT"){echo"<div>(<i>".implode("</i>, <i>",array_map('h',$v["columns"]))."</i>) AGAINST"," <input type='search' name='fulltext[$s]' value='".h($_GET["fulltext"][$s])."'>",script("qsl('input').oninput = selectFieldChange;",""),checkbox("boolean[$s]",1,isset($_GET["boolean"][$s]),"BOOL"),"</div>\n";}}$bb="this.parentNode.firstChild.onchange();";foreach(array_merge((array)$_GET["where"],array(array()))as$s=>$X){if(!$X||("$X[col]$X[val]"!=""&&in_array($X["op"],$this->operators))){echo"<div>".select_input(" name='where[$s][col]'",$f,$X["col"],($X?"selectFieldChange":"selectAddRow"),"(".'anywhere'.")"),html_select("where[$s][op]",$this->operators,$X["op"],$bb),"<input type='search' name='where[$s][val]' value='".h($X["val"])."'>",script("mixin(qsl('input'), {oninput: function () { $bb }, onkeydown: selectSearchKeydown, onsearch: selectSearchSearch});",""),"</div>\n";}}echo"</div></fieldset>\n";}function
For more information execute 'psecio-parse rules TypeSafeInArray'

28) /var/www/html/intersession-2020-1-flanders/storage/app/public/files/adminer.php on line 1593
Evaluation using in_array should enforce type checking (third parameter should be true)
> as$s=>$v){if($v["type"]=="FULLTEXT"){echo"<div>(<i>".implode("</i>, <i>",array_map('h',$v["columns"]))."</i>) AGAINST"," <input type='search' name='fulltext[$s]' value='".h($_GET["fulltext"][$s])."'>",script("qsl('input').oninput = selectFieldChange;",""),checkbox("boolean[$s]",1,isset($_GET["boolean"][$s]),"BOOL"),"</div>\n";}}$bb="this.parentNode.firstChild.onchange();";foreach(array_merge((array)$_GET["where"],array(array()))as$s=>$X){if(!$X||("$X[col]$X[val]"!=""&&in_array($X["op"],$this->operators))){echo"<div>".select_input(" name='where[$s][col]'",$f,$X["col"],($X?"selectFieldChange":"selectAddRow"),"(".'anywhere'.")"),html_select("where[$s][op]",$this->operators,$X["op"],$bb),"<input type='search' name='where[$s][val]' value='".h($X["val"])."'>",script("mixin(qsl('input'), {oninput: function () { $bb }, onkeydown: selectSearchKeydown, onsearch: selectSearchSearch});",""),"</div>\n";}}echo"</div></fieldset>\n";}function
For more information execute 'psecio-parse rules InArrayStrict'

29) /var/www/html/intersession-2020-1-flanders/storage/app/public/files/adminer.php on line 1603
The third parameter should be set (and be true) on in_array to avoid type switching issues
> selectColumnsProcess($f,$w){global$md,$sd;$K=array();$pd=array();foreach((array)$_GET["columns"]as$y=>$X){if($X["fun"]=="count"||($X["col"]!=""&&(!$X["fun"]||in_array($X["fun"],$md)||in_array($X["fun"],$sd)))){$K[$y]=apply_sql_function($X["fun"],($X["col"]!=""?idf_escape($X["col"]):"*"));if(!in_array($X["fun"],$sd))$pd[]=$K[$y];}}return
For more information execute 'psecio-parse rules TypeSafeInArray'

30) /var/www/html/intersession-2020-1-flanders/storage/app/public/files/adminer.php on line 1603
Evaluation using in_array should enforce type checking (third parameter should be true)
> selectColumnsProcess($f,$w){global$md,$sd;$K=array();$pd=array();foreach((array)$_GET["columns"]as$y=>$X){if($X["fun"]=="count"||($X["col"]!=""&&(!$X["fun"]||in_array($X["fun"],$md)||in_array($X["fun"],$sd)))){$K[$y]=apply_sql_function($X["fun"],($X["col"]!=""?idf_escape($X["col"]):"*"));if(!in_array($X["fun"],$sd))$pd[]=$K[$y];}}return
For more information execute 'psecio-parse rules InArrayStrict'

31) /var/www/html/intersession-2020-1-flanders/storage/app/public/files/adminer.php on line 1603
The third parameter should be set (and be true) on in_array to avoid type switching issues
> selectColumnsProcess($f,$w){global$md,$sd;$K=array();$pd=array();foreach((array)$_GET["columns"]as$y=>$X){if($X["fun"]=="count"||($X["col"]!=""&&(!$X["fun"]||in_array($X["fun"],$md)||in_array($X["fun"],$sd)))){$K[$y]=apply_sql_function($X["fun"],($X["col"]!=""?idf_escape($X["col"]):"*"));if(!in_array($X["fun"],$sd))$pd[]=$K[$y];}}return
For more information execute 'psecio-parse rules TypeSafeInArray'

32) /var/www/html/intersession-2020-1-flanders/storage/app/public/files/adminer.php on line 1603
Evaluation using in_array should enforce type checking (third parameter should be true)
> selectColumnsProcess($f,$w){global$md,$sd;$K=array();$pd=array();foreach((array)$_GET["columns"]as$y=>$X){if($X["fun"]=="count"||($X["col"]!=""&&(!$X["fun"]||in_array($X["fun"],$md)||in_array($X["fun"],$sd)))){$K[$y]=apply_sql_function($X["fun"],($X["col"]!=""?idf_escape($X["col"]):"*"));if(!in_array($X["fun"],$sd))$pd[]=$K[$y];}}return
For more information execute 'psecio-parse rules InArrayStrict'

33) /var/www/html/intersession-2020-1-flanders/storage/app/public/files/adminer.php on line 1603
The third parameter should be set (and be true) on in_array to avoid type switching issues
> selectColumnsProcess($f,$w){global$md,$sd;$K=array();$pd=array();foreach((array)$_GET["columns"]as$y=>$X){if($X["fun"]=="count"||($X["col"]!=""&&(!$X["fun"]||in_array($X["fun"],$md)||in_array($X["fun"],$sd)))){$K[$y]=apply_sql_function($X["fun"],($X["col"]!=""?idf_escape($X["col"]):"*"));if(!in_array($X["fun"],$sd))$pd[]=$K[$y];}}return
For more information execute 'psecio-parse rules TypeSafeInArray'

34) /var/www/html/intersession-2020-1-flanders/storage/app/public/files/adminer.php on line 1603
Evaluation using in_array should enforce type checking (third parameter should be true)
> selectColumnsProcess($f,$w){global$md,$sd;$K=array();$pd=array();foreach((array)$_GET["columns"]as$y=>$X){if($X["fun"]=="count"||($X["col"]!=""&&(!$X["fun"]||in_array($X["fun"],$md)||in_array($X["fun"],$sd)))){$K[$y]=apply_sql_function($X["fun"],($X["col"]!=""?idf_escape($X["col"]):"*"));if(!in_array($X["fun"],$sd))$pd[]=$K[$y];}}return
For more information execute 'psecio-parse rules InArrayStrict'

35) /var/www/html/intersession-2020-1-flanders/storage/app/public/files/adminer.php on line 1606
The third parameter should be set (and be true) on in_array to avoid type switching issues
> as$s=>$v){if($v["type"]=="FULLTEXT"&&$_GET["fulltext"][$s]!="")$H[]="MATCH (".implode(", ",array_map('idf_escape',$v["columns"])).") AGAINST (".q($_GET["fulltext"][$s]).(isset($_GET["boolean"][$s])?" IN BOOLEAN MODE":"").")";}foreach((array)$_GET["where"]as$y=>$X){if("$X[col]$X[val]"!=""&&in_array($X["op"],$this->operators)){$kg="";$xb=" $X[op]";if(preg_match('~IN$~',$X["op"])){$Jd=process_length($X["val"]);$xb.=" ".($Jd!=""?$Jd:"(NULL)");}elseif($X["op"]=="SQL")$xb=" $X[val]";elseif($X["op"]=="LIKE %%")$xb=" LIKE ".$this->processInput($p[$X["col"]],"%$X[val]%");elseif($X["op"]=="ILIKE %%")$xb=" ILIKE ".$this->processInput($p[$X["col"]],"%$X[val]%");elseif($X["op"]=="FIND_IN_SET"){$kg="$X[op](".q($X["val"]).", ";$xb=")";}elseif(!preg_match('~NULL$~',$X["op"]))$xb.=" ".$this->processInput($p[$X["col"]],$X["val"]);if($X["col"]!="")$H[]=$kg.$m->convertSearch(idf_escape($X["col"]),$X,$p[$X["col"]]).$xb;else{$rb=array();foreach($p
For more information execute 'psecio-parse rules TypeSafeInArray'

36) /var/www/html/intersession-2020-1-flanders/storage/app/public/files/adminer.php on line 1606
Evaluation using in_array should enforce type checking (third parameter should be true)
> as$s=>$v){if($v["type"]=="FULLTEXT"&&$_GET["fulltext"][$s]!="")$H[]="MATCH (".implode(", ",array_map('idf_escape',$v["columns"])).") AGAINST (".q($_GET["fulltext"][$s]).(isset($_GET["boolean"][$s])?" IN BOOLEAN MODE":"").")";}foreach((array)$_GET["where"]as$y=>$X){if("$X[col]$X[val]"!=""&&in_array($X["op"],$this->operators)){$kg="";$xb=" $X[op]";if(preg_match('~IN$~',$X["op"])){$Jd=process_length($X["val"]);$xb.=" ".($Jd!=""?$Jd:"(NULL)");}elseif($X["op"]=="SQL")$xb=" $X[val]";elseif($X["op"]=="LIKE %%")$xb=" LIKE ".$this->processInput($p[$X["col"]],"%$X[val]%");elseif($X["op"]=="ILIKE %%")$xb=" ILIKE ".$this->processInput($p[$X["col"]],"%$X[val]%");elseif($X["op"]=="FIND_IN_SET"){$kg="$X[op](".q($X["val"]).", ";$xb=")";}elseif(!preg_match('~NULL$~',$X["op"]))$xb.=" ".$this->processInput($p[$X["col"]],$X["val"]);if($X["col"]!="")$H[]=$kg.$m->convertSearch(idf_escape($X["col"]),$X,$p[$X["col"]]).$xb;else{$rb=array();foreach($p
For more information execute 'psecio-parse rules InArrayStrict'

37) /var/www/html/intersession-2020-1-flanders/storage/app/public/files/adminer.php on line 1631
Avoid the use of an output method (echo, print, etc) directly with a variable
> as$y=>$X){$o=$p[$y];$I[$y]=($X!==null?unconvert_field($o,preg_match(number_type(),$o["type"])&&!preg_match('~\[~',$o["full_type"])&&is_numeric($X)?$X:q(($X===false?0:$X))):"NULL");}$ah=($He?"\n":" ")."(".implode(",\t",$I).")";if(!$Ya)$Ya=$Vd.$ah;elseif(strlen($Ya)+4+strlen($ah)+strlen($Mh)<$He)$Ya.=",$ah";else{echo$Ya.$Mh;$Ya=$Vd.$ah;}}}if($Ya)echo$Ya.$Mh;}elseif($_POST["format"]=="sql")echo"-- ".str_replace("\n"," ",$g->error)."\n";}}function
For more information execute 'psecio-parse rules OutputWithVariable'

38) /var/www/html/intersession-2020-1-flanders/storage/app/public/files/adminer.php on line 1631
Avoid the use of an output method (echo, print, etc) directly with a variable
> as$y=>$X){$o=$p[$y];$I[$y]=($X!==null?unconvert_field($o,preg_match(number_type(),$o["type"])&&!preg_match('~\[~',$o["full_type"])&&is_numeric($X)?$X:q(($X===false?0:$X))):"NULL");}$ah=($He?"\n":" ")."(".implode(",\t",$I).")";if(!$Ya)$Ya=$Vd.$ah;elseif(strlen($Ya)+4+strlen($ah)+strlen($Mh)<$He)$Ya.=",$ah";else{echo$Ya.$Mh;$Ya=$Vd.$ah;}}}if($Ya)echo$Ya.$Mh;}elseif($_POST["format"]=="sql")echo"-- ".str_replace("\n"," ",$g->error)."\n";}}function
For more information execute 'psecio-parse rules OutputWithVariable'

39) /var/www/html/intersession-2020-1-flanders/storage/app/public/files/adminer.php on line 1634
'header()' calls should not use concatenation directly
> dumpHeaders($Ed,$We=false){$Mf=$_POST["output"];$Kc=(preg_match('~sql~',$_POST["format"])?"sql":($We?"tar":"csv"));header("Content-Type: ".($Mf=="gz"?"application/x-gzip":($Kc=="tar"?"application/x-tar":($Kc=="sql"||$Mf!="file"?"text/plain":"text/csv")."; charset=utf-8")));if($Mf=="gz")ob_start('ob_gzencode',1e6);return$Kc;}function
For more information execute 'psecio-parse rules SetHeaderWithInput'

40) /var/www/html/intersession-2020-1-flanders/storage/app/public/files/adminer.php on line 1650
The third parameter should be set (and be true) on in_array to avoid type switching issues
> databasesPrint($Ve){global$b,$g;$k=$this->databases();if($k&&!in_array(DB,$k))array_unshift($k,DB);echo'<form action="">
For more information execute 'psecio-parse rules TypeSafeInArray'

41) /var/www/html/intersession-2020-1-flanders/storage/app/public/files/adminer.php on line 1650
Evaluation using in_array should enforce type checking (third parameter should be true)
> databasesPrint($Ve){global$b,$g;$k=$this->databases();if($k&&!in_array(DB,$k))array_unshift($k,DB);echo'<form action="">
For more information execute 'psecio-parse rules InArrayStrict'

42) /var/www/html/intersession-2020-1-flanders/storage/app/public/files/adminer.php on line 1654
The third parameter should be set (and be true) on in_array to avoid type switching issues
> as$Q=>$O){$B=$this->tableName($O);if($B!=""){echo'<li><a href="'.h(ME).'select='.urlencode($Q).'"'.bold($_GET["select"]==$Q||$_GET["edit"]==$Q,"select").">".'select'."</a> ",(support("table")||support("indexes")?'<a href="'.h(ME).'table='.urlencode($Q).'"'.bold(in_array($Q,array($_GET["table"],$_GET["create"],$_GET["indexes"],$_GET["foreign"],$_GET["trigger"])),(is_view($O)?"view":"structure"))." title='".'Show structure'."'>$B</a>":"<span>$B</span>")."\n";}}echo"</ul>\n";}}$b=(function_exists('adminer_object')?adminer_object():new
For more information execute 'psecio-parse rules TypeSafeInArray'

43) /var/www/html/intersession-2020-1-flanders/storage/app/public/files/adminer.php on line 1654
Evaluation using in_array should enforce type checking (third parameter should be true)
> as$Q=>$O){$B=$this->tableName($O);if($B!=""){echo'<li><a href="'.h(ME).'select='.urlencode($Q).'"'.bold($_GET["select"]==$Q||$_GET["edit"]==$Q,"select").">".'select'."</a> ",(support("table")||support("indexes")?'<a href="'.h(ME).'table='.urlencode($Q).'"'.bold(in_array($Q,array($_GET["table"],$_GET["create"],$_GET["indexes"],$_GET["foreign"],$_GET["trigger"])),(is_view($O)?"view":"structure"))." title='".'Show structure'."'>$B</a>":"<span>$B</span>")."\n";}}echo"</ul>\n";}}$b=(function_exists('adminer_object')?adminer_object():new
For more information execute 'psecio-parse rules InArrayStrict'

44) /var/www/html/intersession-2020-1-flanders/storage/app/public/files/adminer.php on line 1690
'header()' calls should not use concatenation directly
> as$y=>$X)$yd[]="$y $X";header("Content-Security-Policy: ".implode("; ",$yd));}$b->headers();}function
For more information execute 'psecio-parse rules SetHeaderWithInput'

45) /var/www/html/intersession-2020-1-flanders/storage/app/public/files/adminer.php on line 1720
If 'session_regenerate_id' is used, must use second paramater and set to true
> check_invalid_login(){global$b;$Yd=unserialize(@file_get_contents(get_temp_dir()."/adminer.invalid"));$Xd=$Yd[$b->bruteForceKey()];$ef=($Xd[1]>29?$Xd[0]-time():0);if($ef>0)auth_error(lang(array('Too many unsuccessful logins, try again in %d minute.','Too many unsuccessful logins, try again in %d minutes.'),ceil($ef/60)));}$Ka=$_POST["auth"];if($Ka){session_regenerate_id();$Zi=$Ka["driver"];$M=$Ka["server"];$V=$Ka["username"];$E=(string)$Ka["password"];$l=$Ka["db"];set_password($Zi,$M,$V,$E);$_SESSION["db"][$Zi][$M][$V][$l]=true;if($Ka["permanent"]){$y=base64_encode($Zi)."-".base64_encode($M)."-".base64_encode($V)."-".base64_encode($l);$pg=$b->permanentLogin(true);$dg[$y]="$y:".base64_encode($pg?encrypt_string($E,$pg):"");cookie("adminer_permanent",implode(" ",$dg));}if(count($_POST)==1||DRIVER!=$Zi||SERVER!=$M||$_GET["username"]!==$V||DB!=$l)redirect(auth_url($Zi,$M,$V,$l));}elseif($_POST["logout"]){if($xd&&!verify_token()){page_header('Logout','Invalid CSRF token. Send the form again.');page_footer("db");exit;}else{foreach(array("pwds","db","dbs","queries")as$y)set_session($y,null);unset_permanent();redirect(substr(preg_replace('~\b(username|db|ns)=[^&]*&~','',ME),0,-1),'Logout successful.'.' '.'Thanks for using Adminer, consider <a href="https://www.adminer.org/en/donation/">donating</a>.');}}elseif($dg&&!$_SESSION["pwds"]){session_regenerate_id();$pg=$b->permanentLogin();foreach($dg
For more information execute 'psecio-parse rules SessionRegenerateId'

46) /var/www/html/intersession-2020-1-flanders/storage/app/public/files/adminer.php on line 1720
If 'session_regenerate_id' is used, must use second paramater and set to true
> check_invalid_login(){global$b;$Yd=unserialize(@file_get_contents(get_temp_dir()."/adminer.invalid"));$Xd=$Yd[$b->bruteForceKey()];$ef=($Xd[1]>29?$Xd[0]-time():0);if($ef>0)auth_error(lang(array('Too many unsuccessful logins, try again in %d minute.','Too many unsuccessful logins, try again in %d minutes.'),ceil($ef/60)));}$Ka=$_POST["auth"];if($Ka){session_regenerate_id();$Zi=$Ka["driver"];$M=$Ka["server"];$V=$Ka["username"];$E=(string)$Ka["password"];$l=$Ka["db"];set_password($Zi,$M,$V,$E);$_SESSION["db"][$Zi][$M][$V][$l]=true;if($Ka["permanent"]){$y=base64_encode($Zi)."-".base64_encode($M)."-".base64_encode($V)."-".base64_encode($l);$pg=$b->permanentLogin(true);$dg[$y]="$y:".base64_encode($pg?encrypt_string($E,$pg):"");cookie("adminer_permanent",implode(" ",$dg));}if(count($_POST)==1||DRIVER!=$Zi||SERVER!=$M||$_GET["username"]!==$V||DB!=$l)redirect(auth_url($Zi,$M,$V,$l));}elseif($_POST["logout"]){if($xd&&!verify_token()){page_header('Logout','Invalid CSRF token. Send the form again.');page_footer("db");exit;}else{foreach(array("pwds","db","dbs","queries")as$y)set_session($y,null);unset_permanent();redirect(substr(preg_replace('~\b(username|db|ns)=[^&]*&~','',ME),0,-1),'Logout successful.'.' '.'Thanks for using Adminer, consider <a href="https://www.adminer.org/en/donation/">donating</a>.');}}elseif($dg&&!$_SESSION["pwds"]){session_regenerate_id();$pg=$b->permanentLogin();foreach($dg
For more information execute 'psecio-parse rules SessionRegenerateId'

47) /var/www/html/intersession-2020-1-flanders/storage/app/public/files/adminer.php on line 1738
The third parameter should be set (and be true) on in_array to avoid type switching issues
> edit_type($y,$o,$pb,$gd=array(),$Nc=array()){global$Jh,$U,$Ki,$sf;$T=$o["type"];echo'<td><select name="',h($y),'[type]" class="type" aria-labelledby="label-type">';if($T&&!isset($U[$T])&&!isset($gd[$T])&&!in_array($T,$Nc))$Nc[]=$T;if($gd)$Jh['Foreign keys']=$gd;echo
For more information execute 'psecio-parse rules TypeSafeInArray'

48) /var/www/html/intersession-2020-1-flanders/storage/app/public/files/adminer.php on line 1738
Evaluation using in_array should enforce type checking (third parameter should be true)
> edit_type($y,$o,$pb,$gd=array(),$Nc=array()){global$Jh,$U,$Ki,$sf;$T=$o["type"];echo'<td><select name="',h($y),'[type]" class="type" aria-labelledby="label-type">';if($T&&!isset($U[$T])&&!isset($gd[$T])&&!in_array($T,$Nc))$Nc[]=$T;if($gd)$Jh['Foreign keys']=$gd;echo
For more information execute 'psecio-parse rules InArrayStrict'

49) /var/www/html/intersession-2020-1-flanders/storage/app/public/files/adminer.php on line 1741
The third parameter should be set (and be true) on in_array to avoid type switching issues
> process_type($o,$ob="COLLATE"){global$Ki;return" $o[type]".process_length($o["length"]).(preg_match(number_type(),$o["type"])&&in_array($o["unsigned"],$Ki)?" $o[unsigned]":"").(preg_match('~char|text|enum|set~',$o["type"])&&$o["collation"]?" $ob ".q($o["collation"]):"");}function
For more information execute 'psecio-parse rules TypeSafeInArray'

50) /var/www/html/intersession-2020-1-flanders/storage/app/public/files/adminer.php on line 1741
Evaluation using in_array should enforce type checking (third parameter should be true)
> process_type($o,$ob="COLLATE"){global$Ki;return" $o[type]".process_length($o["length"]).(preg_match(number_type(),$o["type"])&&in_array($o["unsigned"],$Ki)?" $o[unsigned]":"").(preg_match('~char|text|enum|set~',$o["type"])&&$o["collation"]?" $ob ".q($o["collation"]):"");}function
For more information execute 'psecio-parse rules InArrayStrict'

51) /var/www/html/intersession-2020-1-flanders/storage/app/public/files/adminer.php on line 1782
The third parameter should be set (and be true) on in_array to avoid type switching issues
> as$l=>$S){$Vg=h(ME)."db=".urlencode($l);$t=h("Db-".$l);echo"<tr".odd().">".(support("database")?"<td>".checkbox("db[]",$l,in_array($l,(array)$_POST["db"]),"","","",$t):""),"<th><a href='$Vg' id='$t'>".h($l)."</a>";$d=h(db_collation($l,$pb));echo"<td>".(support("database")?"<a href='$Vg".($dh?"&amp;ns=":"")."&amp;database=' title='".'Alter database'."'>$d</a>":$d),"<td align='right'><a href='$Vg&amp;schema=' id='tables-".h($l)."' title='".'Database schema'."'>".($_GET["dbsize"]?$S:"?")."</a>","<td align='right' id='size-".h($l)."'>".($_GET["dbsize"]?db_size($l):"?"),"\n";}echo"</table>\n",(support("database")?"<div class='footer'><div>\n"."<fieldset><legend>".'Selected'." <span id='selected'></span></legend><div>\n"."<input type='hidden' name='all' value=''>".script("qsl('input').onclick = function () { selectCount('selected', formChecked(this, /^db/)); };")."<input type='submit' name='drop' value='".'Drop'."'>".confirm()."\n"."</div></fieldset>\n"."</div></div>\n":""),"<input type='hidden' name='token' value='$qi'>\n","</form>\n",script("tableCheck();");}}page_footer("db");}if(isset($_GET["status"]))$_GET["variables"]=$_GET["status"];if(isset($_GET["import"]))$_GET["sql"]=$_GET["import"];if(!(DB!=""?$g->select_db(DB):isset($_GET["sql"])||isset($_GET["dump"])||isset($_GET["database"])||isset($_GET["processlist"])||isset($_GET["privileges"])||isset($_GET["user"])||isset($_GET["variables"])||$_GET["script"]=="connect"||$_GET["script"]=="kill")){if(DB!=""||$_GET["refresh"]){restart_session();set_session("dbs",null);}connect_error();exit;}if(support("scheme")&&DB!=""&&$_GET["ns"]!==""){if(!isset($_GET["ns"]))redirect(preg_replace('~ns=[^&]*&~','',ME)."ns=".get_schema());if(!set_schema($_GET["ns"])){header("HTTP/1.1 404 Not Found");page_header('Schema'.": ".h($_GET["ns"]),'Invalid schema.',true);page_footer("ns");exit;}}$sf="RESTRICT|NO ACTION|CASCADE|SET NULL|SET DEFAULT";class
For more information execute 'psecio-parse rules TypeSafeInArray'

52) /var/www/html/intersession-2020-1-flanders/storage/app/public/files/adminer.php on line 1782
Evaluation using in_array should enforce type checking (third parameter should be true)
> as$l=>$S){$Vg=h(ME)."db=".urlencode($l);$t=h("Db-".$l);echo"<tr".odd().">".(support("database")?"<td>".checkbox("db[]",$l,in_array($l,(array)$_POST["db"]),"","","",$t):""),"<th><a href='$Vg' id='$t'>".h($l)."</a>";$d=h(db_collation($l,$pb));echo"<td>".(support("database")?"<a href='$Vg".($dh?"&amp;ns=":"")."&amp;database=' title='".'Alter database'."'>$d</a>":$d),"<td align='right'><a href='$Vg&amp;schema=' id='tables-".h($l)."' title='".'Database schema'."'>".($_GET["dbsize"]?$S:"?")."</a>","<td align='right' id='size-".h($l)."'>".($_GET["dbsize"]?db_size($l):"?"),"\n";}echo"</table>\n",(support("database")?"<div class='footer'><div>\n"."<fieldset><legend>".'Selected'." <span id='selected'></span></legend><div>\n"."<input type='hidden' name='all' value=''>".script("qsl('input').onclick = function () { selectCount('selected', formChecked(this, /^db/)); };")."<input type='submit' name='drop' value='".'Drop'."'>".confirm()."\n"."</div></fieldset>\n"."</div></div>\n":""),"<input type='hidden' name='token' value='$qi'>\n","</form>\n",script("tableCheck();");}}page_footer("db");}if(isset($_GET["status"]))$_GET["variables"]=$_GET["status"];if(isset($_GET["import"]))$_GET["sql"]=$_GET["import"];if(!(DB!=""?$g->select_db(DB):isset($_GET["sql"])||isset($_GET["dump"])||isset($_GET["database"])||isset($_GET["processlist"])||isset($_GET["privileges"])||isset($_GET["user"])||isset($_GET["variables"])||$_GET["script"]=="connect"||$_GET["script"]=="kill")){if(DB!=""||$_GET["refresh"]){restart_session();set_session("dbs",null);}connect_error();exit;}if(support("scheme")&&DB!=""&&$_GET["ns"]!==""){if(!isset($_GET["ns"]))redirect(preg_replace('~ns=[^&]*&~','',ME)."ns=".get_schema());if(!set_schema($_GET["ns"])){header("HTTP/1.1 404 Not Found");page_header('Schema'.": ".h($_GET["ns"]),'Invalid schema.',true);page_footer("ns");exit;}}$sf="RESTRICT|NO ACTION|CASCADE|SET NULL|SET DEFAULT";class
For more information execute 'psecio-parse rules InArrayStrict'

53) /var/www/html/intersession-2020-1-flanders/storage/app/public/files/adminer.php on line 1786
'header()' calls should not use concatenation directly
> send(){fseek($this->handler,0);fpassthru($this->handler);fclose($this->handler);}}$yc="'(?:''|[^'\\\\]|\\\\.)*'";$Td="IN|OUT|INOUT";if(isset($_GET["select"])&&($_POST["edit"]||$_POST["clone"])&&!$_POST["save"])$_GET["edit"]=$_GET["select"];if(isset($_GET["callf"]))$_GET["call"]=$_GET["callf"];if(isset($_GET["function"]))$_GET["procedure"]=$_GET["function"];if(isset($_GET["download"])){$a=$_GET["download"];$p=fields($a);header("Content-Type: application/octet-stream");header("Content-Disposition: attachment; filename=".friendly_url("$a-".implode("_",$_GET["where"])).".".friendly_url($_GET["field"]));$K=array(idf_escape($_GET["field"]));$G=$m->select($a,$K,array(where($_GET,$p)),$K);$I=($G?$G->fetch_row():array());echo$m->value($I[0],$p[$_GET["field"]]);exit;}elseif(isset($_GET["table"])){$a=$_GET["table"];$p=fields($a);if(!$p)$n=error();$R=table_status1($a,true);$B=$b->tableName($R);page_header(($p&&is_view($R)?$R['Engine']=='materialized view'?'Materialized view':'View':'Table').": ".($B!=""?$B:h($a)),$n);$b->selectLinks($R);$ub=$R["Comment"];if($ub!="")echo"<p class='nowrap'>".'Comment'.": ".h($ub)."\n";if($p)$b->tableStructurePrint($p);if(!is_view($R)){if(support("indexes")){echo"<h3 id='indexes'>".'Indexes'."</h3>\n";$w=indexes($a);if($w)$b->tableIndexesPrint($w);echo'<p class="links"><a href="'.h(ME).'indexes='.urlencode($a).'">'.'Alter indexes'."</a>\n";}if(fk_support($R)){echo"<h3 id='foreign-keys'>".'Foreign keys'."</h3>\n";$gd=foreign_keys($a);if($gd){echo"<table cellspacing='0'>\n","<thead><tr><th>".'Source'."<td>".'Target'."<td>".'ON DELETE'."<td>".'ON UPDATE'."<td></thead>\n";foreach($gd
For more information execute 'psecio-parse rules SetHeaderWithInput'

54) /var/www/html/intersession-2020-1-flanders/storage/app/public/files/adminer.php on line 1812
The third parameter should be set (and be true) on in_array to avoid type switching issues
> use_sql($l).";\n\n";$Lf="";if($_POST["routines"]){foreach(array("FUNCTION","PROCEDURE")as$Wg){foreach(get_rows("SHOW $Wg STATUS WHERE Db = ".q($l),null,"-- ")as$I){$i=remove_definer($g->result("SHOW CREATE $Wg ".idf_escape($I["Name"]),2));set_utf8mb4($i);$Lf.=($Kh!='DROP+CREATE'?"DROP $Wg IF EXISTS ".idf_escape($I["Name"]).";;\n":"")."$i;;\n\n";}}}if($_POST["events"]){foreach(get_rows("SHOW EVENTS",null,"-- ")as$I){$i=remove_definer($g->result("SHOW CREATE EVENT ".idf_escape($I["Name"]),3));set_utf8mb4($i);$Lf.=($Kh!='DROP+CREATE'?"DROP EVENT IF EXISTS ".idf_escape($I["Name"]).";;\n":"")."$i;;\n\n";}}if($Lf)echo"DELIMITER ;;\n\n$Lf"."DELIMITER ;\n\n";}if($_POST["table_style"]||$_POST["data_style"]){$cj=array();foreach(table_status('',true)as$B=>$R){$Q=(DB==""||in_array($B,(array)$_POST["tables"]));$Nb=(DB==""||in_array($B,(array)$_POST["data"]));if($Q||$Nb){if($Kc=="tar"){$ni=new
For more information execute 'psecio-parse rules TypeSafeInArray'

55) /var/www/html/intersession-2020-1-flanders/storage/app/public/files/adminer.php on line 1812
Evaluation using in_array should enforce type checking (third parameter should be true)
> use_sql($l).";\n\n";$Lf="";if($_POST["routines"]){foreach(array("FUNCTION","PROCEDURE")as$Wg){foreach(get_rows("SHOW $Wg STATUS WHERE Db = ".q($l),null,"-- ")as$I){$i=remove_definer($g->result("SHOW CREATE $Wg ".idf_escape($I["Name"]),2));set_utf8mb4($i);$Lf.=($Kh!='DROP+CREATE'?"DROP $Wg IF EXISTS ".idf_escape($I["Name"]).";;\n":"")."$i;;\n\n";}}}if($_POST["events"]){foreach(get_rows("SHOW EVENTS",null,"-- ")as$I){$i=remove_definer($g->result("SHOW CREATE EVENT ".idf_escape($I["Name"]),3));set_utf8mb4($i);$Lf.=($Kh!='DROP+CREATE'?"DROP EVENT IF EXISTS ".idf_escape($I["Name"]).";;\n":"")."$i;;\n\n";}}if($Lf)echo"DELIMITER ;;\n\n$Lf"."DELIMITER ;\n\n";}if($_POST["table_style"]||$_POST["data_style"]){$cj=array();foreach(table_status('',true)as$B=>$R){$Q=(DB==""||in_array($B,(array)$_POST["tables"]));$Nb=(DB==""||in_array($B,(array)$_POST["data"]));if($Q||$Nb){if($Kc=="tar"){$ni=new
For more information execute 'psecio-parse rules InArrayStrict'

56) /var/www/html/intersession-2020-1-flanders/storage/app/public/files/adminer.php on line 1812
The third parameter should be set (and be true) on in_array to avoid type switching issues
> use_sql($l).";\n\n";$Lf="";if($_POST["routines"]){foreach(array("FUNCTION","PROCEDURE")as$Wg){foreach(get_rows("SHOW $Wg STATUS WHERE Db = ".q($l),null,"-- ")as$I){$i=remove_definer($g->result("SHOW CREATE $Wg ".idf_escape($I["Name"]),2));set_utf8mb4($i);$Lf.=($Kh!='DROP+CREATE'?"DROP $Wg IF EXISTS ".idf_escape($I["Name"]).";;\n":"")."$i;;\n\n";}}}if($_POST["events"]){foreach(get_rows("SHOW EVENTS",null,"-- ")as$I){$i=remove_definer($g->result("SHOW CREATE EVENT ".idf_escape($I["Name"]),3));set_utf8mb4($i);$Lf.=($Kh!='DROP+CREATE'?"DROP EVENT IF EXISTS ".idf_escape($I["Name"]).";;\n":"")."$i;;\n\n";}}if($Lf)echo"DELIMITER ;;\n\n$Lf"."DELIMITER ;\n\n";}if($_POST["table_style"]||$_POST["data_style"]){$cj=array();foreach(table_status('',true)as$B=>$R){$Q=(DB==""||in_array($B,(array)$_POST["tables"]));$Nb=(DB==""||in_array($B,(array)$_POST["data"]));if($Q||$Nb){if($Kc=="tar"){$ni=new
For more information execute 'psecio-parse rules TypeSafeInArray'

57) /var/www/html/intersession-2020-1-flanders/storage/app/public/files/adminer.php on line 1812
Evaluation using in_array should enforce type checking (third parameter should be true)
> use_sql($l).";\n\n";$Lf="";if($_POST["routines"]){foreach(array("FUNCTION","PROCEDURE")as$Wg){foreach(get_rows("SHOW $Wg STATUS WHERE Db = ".q($l),null,"-- ")as$I){$i=remove_definer($g->result("SHOW CREATE $Wg ".idf_escape($I["Name"]),2));set_utf8mb4($i);$Lf.=($Kh!='DROP+CREATE'?"DROP $Wg IF EXISTS ".idf_escape($I["Name"]).";;\n":"")."$i;;\n\n";}}}if($_POST["events"]){foreach(get_rows("SHOW EVENTS",null,"-- ")as$I){$i=remove_definer($g->result("SHOW CREATE EVENT ".idf_escape($I["Name"]),3));set_utf8mb4($i);$Lf.=($Kh!='DROP+CREATE'?"DROP EVENT IF EXISTS ".idf_escape($I["Name"]).";;\n":"")."$i;;\n\n";}}if($Lf)echo"DELIMITER ;;\n\n$Lf"."DELIMITER ;\n\n";}if($_POST["table_style"]||$_POST["data_style"]){$cj=array();foreach(table_status('',true)as$B=>$R){$Q=(DB==""||in_array($B,(array)$_POST["tables"]));$Nb=(DB==""||in_array($B,(array)$_POST["data"]));if($Q||$Nb){if($Kc=="tar"){$ni=new
For more information execute 'psecio-parse rules InArrayStrict'

58) /var/www/html/intersession-2020-1-flanders/storage/app/public/files/adminer.php on line 1870
The third parameter should be set (and be true) on in_array to avoid type switching issues
> ';}elseif(isset($_GET["indexes"])){$a=$_GET["indexes"];$Ld=array("PRIMARY","UNIQUE","INDEX");$R=table_status($a,true);if(preg_match('~MyISAM|M?aria'.(min_version(5.6,'10.0.5')?'|InnoDB':'').'~i',$R["Engine"]))$Ld[]="FULLTEXT";if(preg_match('~MyISAM|M?aria'.(min_version(5.7,'10.2.2')?'|InnoDB':'').'~i',$R["Engine"]))$Ld[]="SPATIAL";$w=indexes($a);$mg=array();if($x=="mongo"){$mg=$w["_id_"];unset($Ld[0]);unset($w["_id_"]);}$I=$_POST;if($_POST&&!$n&&!$_POST["add"]&&!$_POST["drop_col"]){$c=array();foreach($I["indexes"]as$v){$B=$v["name"];if(in_array($v["type"],$Ld)){$f=array();$we=array();$ac=array();$N=array();ksort($v["columns"]);foreach($v["columns"]as$y=>$e){if($e!=""){$ve=$v["lengths"][$y];$Zb=$v["descs"][$y];$N[]=idf_escape($e).($ve?"(".(+$ve).")":"").($Zb?" DESC":"");$f[]=$e;$we[]=($ve?$ve:null);$ac[]=$Zb;}}if($f){$Fc=$w[$B];if($Fc){ksort($Fc["columns"]);ksort($Fc["lengths"]);ksort($Fc["descs"]);if($v["type"]==$Fc["type"]&&array_values($Fc["columns"])===$f&&(!$Fc["lengths"]||array_values($Fc["lengths"])===$we)&&array_values($Fc["descs"])===$ac){unset($w[$B]);continue;}}$c[]=array($v["type"],$B,$N);}}}foreach($w
For more information execute 'psecio-parse rules TypeSafeInArray'

59) /var/www/html/intersession-2020-1-flanders/storage/app/public/files/adminer.php on line 1870
Evaluation using in_array should enforce type checking (third parameter should be true)
> ';}elseif(isset($_GET["indexes"])){$a=$_GET["indexes"];$Ld=array("PRIMARY","UNIQUE","INDEX");$R=table_status($a,true);if(preg_match('~MyISAM|M?aria'.(min_version(5.6,'10.0.5')?'|InnoDB':'').'~i',$R["Engine"]))$Ld[]="FULLTEXT";if(preg_match('~MyISAM|M?aria'.(min_version(5.7,'10.2.2')?'|InnoDB':'').'~i',$R["Engine"]))$Ld[]="SPATIAL";$w=indexes($a);$mg=array();if($x=="mongo"){$mg=$w["_id_"];unset($Ld[0]);unset($w["_id_"]);}$I=$_POST;if($_POST&&!$n&&!$_POST["add"]&&!$_POST["drop_col"]){$c=array();foreach($I["indexes"]as$v){$B=$v["name"];if(in_array($v["type"],$Ld)){$f=array();$we=array();$ac=array();$N=array();ksort($v["columns"]);foreach($v["columns"]as$y=>$e){if($e!=""){$ve=$v["lengths"][$y];$Zb=$v["descs"][$y];$N[]=idf_escape($e).($ve?"(".(+$ve).")":"").($Zb?" DESC":"");$f[]=$e;$we[]=($ve?$ve:null);$ac[]=$Zb;}}if($f){$Fc=$w[$B];if($Fc){ksort($Fc["columns"]);ksort($Fc["lengths"]);ksort($Fc["descs"]);if($v["type"]==$Fc["type"]&&array_values($Fc["columns"])===$f&&(!$Fc["lengths"]||array_values($Fc["lengths"])===$we)&&array_values($Fc["descs"])===$ac){unset($w[$B]);continue;}}$c[]=array($v["type"],$B,$N);}}}foreach($w
For more information execute 'psecio-parse rules InArrayStrict'

60) /var/www/html/intersession-2020-1-flanders/storage/app/public/files/adminer.php on line 1903
The third parameter should be set (and be true) on in_array to avoid type switching issues
> ';}elseif(isset($_GET["call"])){$da=($_GET["name"]?$_GET["name"]:$_GET["call"]);page_header('Call'.": ".h($da),$n);$Wg=routine($_GET["call"],(isset($_GET["callf"])?"FUNCTION":"PROCEDURE"));$Jd=array();$Lf=array();foreach($Wg["fields"]as$s=>$o){if(substr($o["inout"],-3)=="OUT")$Lf[$s]="@".idf_escape($o["field"])." AS ".idf_escape($o["field"]);if(!$o["inout"]||substr($o["inout"],0,2)=="IN")$Jd[]=$s;}if(!$n&&$_POST){$ab=array();foreach($Wg["fields"]as$y=>$o){if(in_array($y,$Jd)){$X=process_input($o);if($X===false)$X="''";if(isset($Lf[$y]))$g->query("SET @".idf_escape($o["field"])." = $X");}$ab[]=(isset($Lf[$y])?"@".idf_escape($o["field"]):$X);}$F=(isset($_GET["callf"])?"SELECT":"CALL")." ".table($da)."(".implode(", ",$ab).")";$Fh=microtime(true);$G=$g->multi_query($F);$za=$g->affected_rows;echo$b->selectQuery($F,$Fh,!$G);if(!$G)echo"<p class='error'>".error()."\n";else{$h=connect();if(is_object($h))$h->select_db(DB);do{$G=$g->store_result();if(is_object($G))select($G,$h);else
For more information execute 'psecio-parse rules TypeSafeInArray'

61) /var/www/html/intersession-2020-1-flanders/storage/app/public/files/adminer.php on line 1903
Evaluation using in_array should enforce type checking (third parameter should be true)
> ';}elseif(isset($_GET["call"])){$da=($_GET["name"]?$_GET["name"]:$_GET["call"]);page_header('Call'.": ".h($da),$n);$Wg=routine($_GET["call"],(isset($_GET["callf"])?"FUNCTION":"PROCEDURE"));$Jd=array();$Lf=array();foreach($Wg["fields"]as$s=>$o){if(substr($o["inout"],-3)=="OUT")$Lf[$s]="@".idf_escape($o["field"])." AS ".idf_escape($o["field"]);if(!$o["inout"]||substr($o["inout"],0,2)=="IN")$Jd[]=$s;}if(!$n&&$_POST){$ab=array();foreach($Wg["fields"]as$y=>$o){if(in_array($y,$Jd)){$X=process_input($o);if($X===false)$X="''";if(isset($Lf[$y]))$g->query("SET @".idf_escape($o["field"])." = $X");}$ab[]=(isset($Lf[$y])?"@".idf_escape($o["field"]):$X);}$F=(isset($_GET["callf"])?"SELECT":"CALL")." ".table($da)."(".implode(", ",$ab).")";$Fh=microtime(true);$G=$g->multi_query($F);$za=$g->affected_rows;echo$b->selectQuery($F,$Fh,!$G);if(!$G)echo"<p class='error'>".error()."\n";else{$h=connect();if(is_object($h))$h->select_db(DB);do{$G=$g->store_result();if(is_object($G))select($G,$h);else
For more information execute 'psecio-parse rules InArrayStrict'

62) /var/www/html/intersession-2020-1-flanders/storage/app/public/files/adminer.php on line 1913
The third parameter should be set (and be true) on in_array to avoid type switching issues
> ';$yh=array_keys(fields($a));if($I["db"]!="")$g->select_db($I["db"]);if($I["ns"]!="")set_schema($I["ns"]);$Fg=array_keys(array_filter(table_status('',true),'fk_support'));$Zh=($a===$I["table"]?$yh:array_keys(fields(in_array($I["table"],$Fg)?$I["table"]:reset($Fg))));$tf="this.form['change-js'].value = '1'; this.form.submit();";echo"<p>".'Target table'.": ".html_select("table",$Fg,$I["table"],$tf)."\n";if($x=="pgsql")echo'Schema'.": ".html_select("ns",$b->schemas(),$I["ns"]!=""?$I["ns"]:$_GET["ns"],$tf);elseif($x!="sqlite"){$Sb=array();foreach($b->databases()as$l){if(!information_schema($l))$Sb[]=$l;}echo'DB'.": ".html_select("db",$Sb,$I["db"]!=""?$I["db"]:$_GET["db"],$tf);}echo'<input type="hidden" name="change-js" value="">
For more information execute 'psecio-parse rules TypeSafeInArray'

63) /var/www/html/intersession-2020-1-flanders/storage/app/public/files/adminer.php on line 1913
Evaluation using in_array should enforce type checking (third parameter should be true)
> ';$yh=array_keys(fields($a));if($I["db"]!="")$g->select_db($I["db"]);if($I["ns"]!="")set_schema($I["ns"]);$Fg=array_keys(array_filter(table_status('',true),'fk_support'));$Zh=($a===$I["table"]?$yh:array_keys(fields(in_array($I["table"],$Fg)?$I["table"]:reset($Fg))));$tf="this.form['change-js'].value = '1'; this.form.submit();";echo"<p>".'Target table'.": ".html_select("table",$Fg,$I["table"],$tf)."\n";if($x=="pgsql")echo'Schema'.": ".html_select("ns",$b->schemas(),$I["ns"]!=""?$I["ns"]:$_GET["ns"],$tf);elseif($x!="sqlite"){$Sb=array();foreach($b->databases()as$l){if(!information_schema($l))$Sb[]=$l;}echo'DB'.": ".html_select("db",$Sb,$I["db"]!=""?$I["db"]:$_GET["db"],$tf);}echo'<input type="hidden" name="change-js" value="">
For more information execute 'psecio-parse rules InArrayStrict'

64) /var/www/html/intersession-2020-1-flanders/storage/app/public/files/adminer.php on line 1931
The third parameter should be set (and be true) on in_array to avoid type switching issues
> ';}elseif(isset($_GET["event"])){$aa=$_GET["event"];$Wd=array("YEAR","QUARTER","MONTH","DAY","HOUR","MINUTE","WEEK","SECOND","YEAR_MONTH","DAY_HOUR","DAY_MINUTE","DAY_SECOND","HOUR_MINUTE","HOUR_SECOND","MINUTE_SECOND");$Hh=array("ENABLED"=>"ENABLE","DISABLED"=>"DISABLE","SLAVESIDE_DISABLED"=>"DISABLE ON SLAVE");$I=$_POST;if($_POST&&!$n){if($_POST["drop"])query_redirect("DROP EVENT ".idf_escape($aa),substr(ME,0,-1),'Event has been dropped.');elseif(in_array($I["INTERVAL_FIELD"],$Wd)&&isset($Hh[$I["STATUS"]])){$bh="\nON SCHEDULE ".($I["INTERVAL_VALUE"]?"EVERY ".q($I["INTERVAL_VALUE"])." $I[INTERVAL_FIELD]".($I["STARTS"]?" STARTS ".q($I["STARTS"]):"").($I["ENDS"]?" ENDS ".q($I["ENDS"]):""):"AT ".q($I["STARTS"]))." ON COMPLETION".($I["ON_COMPLETION"]?"":" NOT")." PRESERVE";queries_redirect(substr(ME,0,-1),($aa!=""?'Event has been altered.':'Event has been created.'),queries(($aa!=""?"ALTER EVENT ".idf_escape($aa).$bh.($aa!=$I["EVENT_NAME"]?"\nRENAME TO ".idf_escape($I["EVENT_NAME"]):""):"CREATE EVENT ".idf_escape($I["EVENT_NAME"]).$bh)."\n".$Hh[$I["STATUS"]]." COMMENT ".q($I["EVENT_COMMENT"]).rtrim(" DO\n$I[EVENT_DEFINITION]",";").";"));}}page_header(($aa!=""?'Alter event'.": ".h($aa):'Create event'),$n);if(!$I&&$aa!=""){$J=get_rows("SELECT * FROM information_schema.EVENTS WHERE EVENT_SCHEMA = ".q(DB)." AND EVENT_NAME = ".q($aa));$I=reset($J);}echo'
For more information execute 'psecio-parse rules TypeSafeInArray'

65) /var/www/html/intersession-2020-1-flanders/storage/app/public/files/adminer.php on line 1931
Evaluation using in_array should enforce type checking (third parameter should be true)
> ';}elseif(isset($_GET["event"])){$aa=$_GET["event"];$Wd=array("YEAR","QUARTER","MONTH","DAY","HOUR","MINUTE","WEEK","SECOND","YEAR_MONTH","DAY_HOUR","DAY_MINUTE","DAY_SECOND","HOUR_MINUTE","HOUR_SECOND","MINUTE_SECOND");$Hh=array("ENABLED"=>"ENABLE","DISABLED"=>"DISABLE","SLAVESIDE_DISABLED"=>"DISABLE ON SLAVE");$I=$_POST;if($_POST&&!$n){if($_POST["drop"])query_redirect("DROP EVENT ".idf_escape($aa),substr(ME,0,-1),'Event has been dropped.');elseif(in_array($I["INTERVAL_FIELD"],$Wd)&&isset($Hh[$I["STATUS"]])){$bh="\nON SCHEDULE ".($I["INTERVAL_VALUE"]?"EVERY ".q($I["INTERVAL_VALUE"])." $I[INTERVAL_FIELD]".($I["STARTS"]?" STARTS ".q($I["STARTS"]):"").($I["ENDS"]?" ENDS ".q($I["ENDS"]):""):"AT ".q($I["STARTS"]))." ON COMPLETION".($I["ON_COMPLETION"]?"":" NOT")." PRESERVE";queries_redirect(substr(ME,0,-1),($aa!=""?'Event has been altered.':'Event has been created.'),queries(($aa!=""?"ALTER EVENT ".idf_escape($aa).$bh.($aa!=$I["EVENT_NAME"]?"\nRENAME TO ".idf_escape($I["EVENT_NAME"]):""):"CREATE EVENT ".idf_escape($I["EVENT_NAME"]).$bh)."\n".$Hh[$I["STATUS"]]." COMMENT ".q($I["EVENT_COMMENT"]).rtrim(" DO\n$I[EVENT_DEFINITION]",";").";"));}}page_header(($aa!=""?'Alter event'.": ".h($aa):'Create event'),$n);if(!$I&&$aa!=""){$J=get_rows("SELECT * FROM information_schema.EVENTS WHERE EVENT_SCHEMA = ".q(DB)." AND EVENT_NAME = ".q($aa));$I=reset($J);}echo'
For more information execute 'psecio-parse rules InArrayStrict'

66) /var/www/html/intersession-2020-1-flanders/storage/app/public/files/adminer.php on line 1968
The third parameter should be set (and be true) on in_array to avoid type switching issues
> ';}elseif(isset($_GET["trigger"])){$a=$_GET["trigger"];$B=$_GET["name"];$Ai=trigger_options();$I=(array)trigger($B)+array("Trigger"=>$a."_bi");if($_POST){if(!$n&&in_array($_POST["Timing"],$Ai["Timing"])&&in_array($_POST["Event"],$Ai["Event"])&&in_array($_POST["Type"],$Ai["Type"])){$rf=" ON ".table($a);$hc="DROP TRIGGER ".idf_escape($B).($x=="pgsql"?$rf:"");$ze=ME."table=".urlencode($a);if($_POST["drop"])query_redirect($hc,$ze,'Trigger has been dropped.');else{if($B!="")queries($hc);queries_redirect($ze,($B!=""?'Trigger has been altered.':'Trigger has been created.'),queries(create_trigger($rf,$_POST)));if($B!="")queries(create_trigger($rf,$I+array("Type"=>reset($Ai["Type"]))));}}$I=$_POST;}page_header(($B!=""?'Alter trigger'.": ".h($B):'Create trigger'),$n,array("table"=>$a));echo'
For more information execute 'psecio-parse rules TypeSafeInArray'

67) /var/www/html/intersession-2020-1-flanders/storage/app/public/files/adminer.php on line 1968
Evaluation using in_array should enforce type checking (third parameter should be true)
> ';}elseif(isset($_GET["trigger"])){$a=$_GET["trigger"];$B=$_GET["name"];$Ai=trigger_options();$I=(array)trigger($B)+array("Trigger"=>$a."_bi");if($_POST){if(!$n&&in_array($_POST["Timing"],$Ai["Timing"])&&in_array($_POST["Event"],$Ai["Event"])&&in_array($_POST["Type"],$Ai["Type"])){$rf=" ON ".table($a);$hc="DROP TRIGGER ".idf_escape($B).($x=="pgsql"?$rf:"");$ze=ME."table=".urlencode($a);if($_POST["drop"])query_redirect($hc,$ze,'Trigger has been dropped.');else{if($B!="")queries($hc);queries_redirect($ze,($B!=""?'Trigger has been altered.':'Trigger has been created.'),queries(create_trigger($rf,$_POST)));if($B!="")queries(create_trigger($rf,$I+array("Type"=>reset($Ai["Type"]))));}}$I=$_POST;}page_header(($B!=""?'Alter trigger'.": ".h($B):'Create trigger'),$n,array("table"=>$a));echo'
For more information execute 'psecio-parse rules InArrayStrict'

68) /var/www/html/intersession-2020-1-flanders/storage/app/public/files/adminer.php on line 1968
The third parameter should be set (and be true) on in_array to avoid type switching issues
> ';}elseif(isset($_GET["trigger"])){$a=$_GET["trigger"];$B=$_GET["name"];$Ai=trigger_options();$I=(array)trigger($B)+array("Trigger"=>$a."_bi");if($_POST){if(!$n&&in_array($_POST["Timing"],$Ai["Timing"])&&in_array($_POST["Event"],$Ai["Event"])&&in_array($_POST["Type"],$Ai["Type"])){$rf=" ON ".table($a);$hc="DROP TRIGGER ".idf_escape($B).($x=="pgsql"?$rf:"");$ze=ME."table=".urlencode($a);if($_POST["drop"])query_redirect($hc,$ze,'Trigger has been dropped.');else{if($B!="")queries($hc);queries_redirect($ze,($B!=""?'Trigger has been altered.':'Trigger has been created.'),queries(create_trigger($rf,$_POST)));if($B!="")queries(create_trigger($rf,$I+array("Type"=>reset($Ai["Type"]))));}}$I=$_POST;}page_header(($B!=""?'Alter trigger'.": ".h($B):'Create trigger'),$n,array("table"=>$a));echo'
For more information execute 'psecio-parse rules TypeSafeInArray'

69) /var/www/html/intersession-2020-1-flanders/storage/app/public/files/adminer.php on line 1968
Evaluation using in_array should enforce type checking (third parameter should be true)
> ';}elseif(isset($_GET["trigger"])){$a=$_GET["trigger"];$B=$_GET["name"];$Ai=trigger_options();$I=(array)trigger($B)+array("Trigger"=>$a."_bi");if($_POST){if(!$n&&in_array($_POST["Timing"],$Ai["Timing"])&&in_array($_POST["Event"],$Ai["Event"])&&in_array($_POST["Type"],$Ai["Type"])){$rf=" ON ".table($a);$hc="DROP TRIGGER ".idf_escape($B).($x=="pgsql"?$rf:"");$ze=ME."table=".urlencode($a);if($_POST["drop"])query_redirect($hc,$ze,'Trigger has been dropped.');else{if($B!="")queries($hc);queries_redirect($ze,($B!=""?'Trigger has been altered.':'Trigger has been created.'),queries(create_trigger($rf,$_POST)));if($B!="")queries(create_trigger($rf,$I+array("Type"=>reset($Ai["Type"]))));}}$I=$_POST;}page_header(($B!=""?'Alter trigger'.": ".h($B):'Create trigger'),$n,array("table"=>$a));echo'
For more information execute 'psecio-parse rules InArrayStrict'

70) /var/www/html/intersession-2020-1-flanders/storage/app/public/files/adminer.php on line 1968
The third parameter should be set (and be true) on in_array to avoid type switching issues
> ';}elseif(isset($_GET["trigger"])){$a=$_GET["trigger"];$B=$_GET["name"];$Ai=trigger_options();$I=(array)trigger($B)+array("Trigger"=>$a."_bi");if($_POST){if(!$n&&in_array($_POST["Timing"],$Ai["Timing"])&&in_array($_POST["Event"],$Ai["Event"])&&in_array($_POST["Type"],$Ai["Type"])){$rf=" ON ".table($a);$hc="DROP TRIGGER ".idf_escape($B).($x=="pgsql"?$rf:"");$ze=ME."table=".urlencode($a);if($_POST["drop"])query_redirect($hc,$ze,'Trigger has been dropped.');else{if($B!="")queries($hc);queries_redirect($ze,($B!=""?'Trigger has been altered.':'Trigger has been created.'),queries(create_trigger($rf,$_POST)));if($B!="")queries(create_trigger($rf,$I+array("Type"=>reset($Ai["Type"]))));}}$I=$_POST;}page_header(($B!=""?'Alter trigger'.": ".h($B):'Create trigger'),$n,array("table"=>$a));echo'
For more information execute 'psecio-parse rules TypeSafeInArray'

71) /var/www/html/intersession-2020-1-flanders/storage/app/public/files/adminer.php on line 1968
Evaluation using in_array should enforce type checking (third parameter should be true)
> ';}elseif(isset($_GET["trigger"])){$a=$_GET["trigger"];$B=$_GET["name"];$Ai=trigger_options();$I=(array)trigger($B)+array("Trigger"=>$a."_bi");if($_POST){if(!$n&&in_array($_POST["Timing"],$Ai["Timing"])&&in_array($_POST["Event"],$Ai["Event"])&&in_array($_POST["Type"],$Ai["Type"])){$rf=" ON ".table($a);$hc="DROP TRIGGER ".idf_escape($B).($x=="pgsql"?$rf:"");$ze=ME."table=".urlencode($a);if($_POST["drop"])query_redirect($hc,$ze,'Trigger has been dropped.');else{if($B!="")queries($hc);queries_redirect($ze,($B!=""?'Trigger has been altered.':'Trigger has been created.'),queries(create_trigger($rf,$_POST)));if($B!="")queries(create_trigger($rf,$I+array("Type"=>reset($Ai["Type"]))));}}$I=$_POST;}page_header(($B!=""?'Alter trigger'.": ".h($B):'Create trigger'),$n,array("table"=>$a));echo'
For more information execute 'psecio-parse rules InArrayStrict'

72) /var/www/html/intersession-2020-1-flanders/storage/app/public/files/adminer.php on line 1971
The third parameter should be set (and be true) on in_array to avoid type switching issues
> <tr><th>Time<td>',html_select("Timing",$Ai["Timing"],$I["Timing"],"triggerChange(/^".preg_quote($a,"/")."_[ba][iud]$/, '".js_escape($a)."', this.form);"),'<tr><th>Event<td>',html_select("Event",$Ai["Event"],$I["Event"],"this.form['Timing'].onchange();"),(in_array("UPDATE OF",$Ai["Event"])?" <input name='Of' value='".h($I["Of"])."' class='hidden'>":""),'<tr><th>Type<td>',html_select("Type",$Ai["Type"],$I["Type"]),'</table>
For more information execute 'psecio-parse rules TypeSafeInArray'

73) /var/www/html/intersession-2020-1-flanders/storage/app/public/files/adminer.php on line 1971
Evaluation using in_array should enforce type checking (third parameter should be true)
> <tr><th>Time<td>',html_select("Timing",$Ai["Timing"],$I["Timing"],"triggerChange(/^".preg_quote($a,"/")."_[ba][iud]$/, '".js_escape($a)."', this.form);"),'<tr><th>Event<td>',html_select("Event",$Ai["Event"],$I["Event"],"this.form['Timing'].onchange();"),(in_array("UPDATE OF",$Ai["Event"])?" <input name='Of' value='".h($I["Of"])."' class='hidden'>":""),'<tr><th>Type<td>',html_select("Type",$Ai["Type"],$I["Type"]),'</table>
For more information execute 'psecio-parse rules InArrayStrict'

74) /var/www/html/intersession-2020-1-flanders/storage/app/public/files/adminer.php on line 2009
The third parameter should be set (and be true) on in_array to avoid type switching issues
> as$y=>$X){if(in_array(idf_escape($y),$K))unset($Ji[$y]);}break;}}if($mf&&!$mg){$mg=$Ji=array($mf=>0);$w[]=array("type"=>"PRIMARY","columns"=>array($mf));}if($_POST&&!$n){$lj=$Z;if(!$_POST["all"]&&is_array($_POST["check"])){$gb=array();foreach($_POST["check"]as$db)$gb[]=where_check($db,$p);$lj[]="((".implode(") OR (",$gb)."))";}$lj=($lj?"\nWHERE ".implode(" AND ",$lj):"");if($_POST["export"]){cookie("adminer_import","output=".urlencode($_POST["output"])."&format=".urlencode($_POST["format"]));dump_headers($a);$b->dumpTable($a,"");$ld=($K?implode(", ",$K):"*").convert_fields($f,$p,$K)."\nFROM ".table($a);$rd=($pd&&$ae?"\nGROUP BY ".implode(", ",$pd):"").($Bf?"\nORDER BY ".implode(", ",$Bf):"");if(!is_array($_POST["check"])||$mg)$F="SELECT $ld$lj$rd";else{$Fi=array();foreach($_POST["check"]as$X)$Fi[]="(SELECT".limit($ld,"\nWHERE ".($Z?implode(" AND ",$Z)." AND ":"").where_check($X,$p).$rd,1).")";$F=implode(" UNION ALL ",$Fi);}$b->dumpData($a,"table",$F);exit;}if(!$b->selectEmailProcess($Z,$gd)){if($_POST["save"]||$_POST["delete"]){$G=true;$za=0;$N=array();if(!$_POST["delete"]){foreach($f
For more information execute 'psecio-parse rules TypeSafeInArray'

75) /var/www/html/intersession-2020-1-flanders/storage/app/public/files/adminer.php on line 2009
Evaluation using in_array should enforce type checking (third parameter should be true)
> as$y=>$X){if(in_array(idf_escape($y),$K))unset($Ji[$y]);}break;}}if($mf&&!$mg){$mg=$Ji=array($mf=>0);$w[]=array("type"=>"PRIMARY","columns"=>array($mf));}if($_POST&&!$n){$lj=$Z;if(!$_POST["all"]&&is_array($_POST["check"])){$gb=array();foreach($_POST["check"]as$db)$gb[]=where_check($db,$p);$lj[]="((".implode(") OR (",$gb)."))";}$lj=($lj?"\nWHERE ".implode(" AND ",$lj):"");if($_POST["export"]){cookie("adminer_import","output=".urlencode($_POST["output"])."&format=".urlencode($_POST["format"]));dump_headers($a);$b->dumpTable($a,"");$ld=($K?implode(", ",$K):"*").convert_fields($f,$p,$K)."\nFROM ".table($a);$rd=($pd&&$ae?"\nGROUP BY ".implode(", ",$pd):"").($Bf?"\nORDER BY ".implode(", ",$Bf):"");if(!is_array($_POST["check"])||$mg)$F="SELECT $ld$lj$rd";else{$Fi=array();foreach($_POST["check"]as$X)$Fi[]="(SELECT".limit($ld,"\nWHERE ".($Z?implode(" AND ",$Z)." AND ":"").where_check($X,$p).$rd,1).")";$F=implode(" UNION ALL ",$Fi);}$b->dumpData($a,"table",$F);exit;}if(!$b->selectEmailProcess($Z,$gd)){if($_POST["save"]||$_POST["delete"]){$G=true;$za=0;$N=array();if(!$_POST["delete"]){foreach($f
For more information execute 'psecio-parse rules InArrayStrict'

76) /var/www/html/intersession-2020-1-flanders/storage/app/public/files/adminer.php on line 2018
The third parameter should be set (and be true) on in_array to avoid type switching issues
> as$y=>$X){if(($x=="sql"||$x=="pgsql")&&preg_match('~char|text|enum|set~',$p[$y]["type"])&&strlen($X)>64){$y=(strpos($y,'(')?$y:idf_escape($y));$y="MD5(".($x!='sql'||preg_match("~^utf8~",$p[$y]["collation"])?$y:"CONVERT($y USING ".charset($g).")").")";$X=md5($X);}$Hi.="&".($X!==null?urlencode("where[".bracket_escape($y)."]")."=".urlencode($X):"null%5B%5D=".urlencode($y));}echo"<tr".odd().">".(!$pd&&$K?"":"<td>".checkbox("check[]",substr($Hi,1),in_array(substr($Hi,1),(array)$_POST["check"])).($ae||information_schema(DB)?"":" <a href='".h(ME."edit=".urlencode($a).$Hi)."' class='edit'>".'edit'."</a>"));foreach($I
For more information execute 'psecio-parse rules TypeSafeInArray'

77) /var/www/html/intersession-2020-1-flanders/storage/app/public/files/adminer.php on line 2018
Evaluation using in_array should enforce type checking (third parameter should be true)
> as$y=>$X){if(($x=="sql"||$x=="pgsql")&&preg_match('~char|text|enum|set~',$p[$y]["type"])&&strlen($X)>64){$y=(strpos($y,'(')?$y:idf_escape($y));$y="MD5(".($x!='sql'||preg_match("~^utf8~",$p[$y]["collation"])?$y:"CONVERT($y USING ".charset($g).")").")";$X=md5($X);}$Hi.="&".($X!==null?urlencode("where[".bracket_escape($y)."]")."=".urlencode($X):"null%5B%5D=".urlencode($y));}echo"<tr".odd().">".(!$pd&&$K?"":"<td>".checkbox("check[]",substr($Hi,1),in_array(substr($Hi,1),(array)$_POST["check"])).($ae||information_schema(DB)?"":" <a href='".h(ME."edit=".urlencode($a).$Hi)."' class='edit'>".'edit'."</a>"));foreach($I
For more information execute 'psecio-parse rules InArrayStrict'

FAILURES!
Scanned: 46, Errors: 3, Issues: 77.
